// Jest Snapshot v1, https://goo.gl/fbAQLP

exports[`formats typescript/es6-declarations with outputStringLiterals should match snapshot 1`] = `
"/**
 * Do not edit directly
 * Generated on Sat, 01 Jan 2000 00:00:00 GMT
 */

/** Used for errors */
export const colorRed : \\"#FF0000\\";"
`;
